// Jest Snapshot v1, https://goo.gl/fbAQLP

exports[`<App /> should render App 1`] = `
<div>
  <div>
    <h1
      class="sc-jSgvzq iYBlmY"
    >
      User Types
    </h1>
    <div
      class="sc-gKseQn brWlTu"
    >
      <div
        class="sc-iBPTik VnMyT selected"
      >
        <label
          class="sc-fubCzh fCCgmW"
        >
          <input
            checked=""
            class="sc-pGacB dIScII"
            name="userType"
            type="radio"
            value="admin"
          />
          Admin
        </label>
      </div>
      <div
        class="sc-iBPTik VnMyT"
      >
        <label
          class="sc-fubCzh fCCgmW"
        >
          <input
            class="sc-pGacB dIScII"
            name="userType"
            type="radio"
            value="manager"
          />
          Manager
        </label>
      </div>
    </div>
    <div
      class="sc-gKseQn brWlTu"
    >
      <h1
        class="sc-jSgvzq iYBlmY"
      >
        admin Users
      </h1>
    </div>
  </div>
</div>
`;
